{
 "macro_dice_gain": 0.013526350259780884,
 "gain_bootstrap_by_seed": [
  {
   "mean": 0.011611991822719573,
   "ci95": [
    -0.0026827290654182433,
    0.02675617858767509
   ]
  },
  {
   "mean": 0.013854914635419846,
   "ci95": [
    -0.001502801477909087,
    0.030156847089529037
   ]
  },
  {
   "mean": 0.01514463672041893,
   "ci95": [
    0.0006389014422893528,
    0.03156374245882034
   ]
  }
 ],
 "gain_ci_low_min": -0.0026827290654182433,
 "host_macro_ssl": 0.39694494009017944,
 "host_macro_random": 0.38341858983039856,
 "host_pass": null,
 "lesion_pass": null,
 "pass": null,
 "note": "host-only probe of a running Stage I: not the G1 verdict",
 "evidence": "NOT_EVIDENCE: SynthSeg-derived pseudo-labels; engineering probe only"
}
host macro Dice: ssl 0.3969 random 0.3834
